// Jest Snapshot v1, https://goo.gl/fbAQLP

exports[`Logout redirects to / 1`] = `
<Redirect
  push={true}
  to="/"
/>
`;
