// Jest Snapshot v1, https://goo.gl/fbAQLP

exports[`NotFound renders a not found message 1`] = `
<div
  className="container"
>
  <h1
    className="title"
  >
    Page Not Found
  </h1>
</div>
`;
