// Jest Snapshot v1, https://goo.gl/fbAQLP

exports[`ErrorBoundary if child error renders error message and crash report button 1`] = `
<div
  className="container"
>
  <div
    className="content"
  >
    <p>
      We're sorry â€” something's gone wrong.
    </p>
    <p>
      Our team has been notified, but click below to fill out a report.
    </p>
    <p>
      Please try refreshing the page.
    </p>
  </div>
  <button
    className="jss27 jss1 jss12 jss15"
    disabled={false}
    onBlur={[Function]}
    onClick={[Function]}
    onFocus={[Function]}
    onKeyDown={[Function]}
    onKeyUp={[Function]}
    onMouseDown={[Function]}
    onMouseLeave={[Function]}
    onMouseUp={[Function]}
    onTouchEnd={[Function]}
    onTouchMove={[Function]}
    onTouchStart={[Function]}
    tabIndex="0"
    type="button"
  >
    <span
      className="jss2"
    >
      Send Crash Report
    </span>
    <span
      className="jss30"
    />
  </button>
</div>
`;

exports[`ErrorBoundary if child error reports error to sentry.io on production 1`] = `
Array [
  [Error: An error!],
  Object {
    "extra": Object {
      "componentStack": "
    in ThrowErrorChild (at ErrorBoundary.test.js:53)
    in ErrorBoundary (created by WrapperComponent)
    in WrapperComponent",
    },
  },
]
`;

exports[`ErrorBoundary no errors renders children 1`] = `
<div>
  <h1>
    Children!
  </h1>
</div>
`;
